// Jest Snapshot v1, https://goo.gl/fbAQLP

exports[`Test the Rockets list renders correctly 1`] = `
<div
  class="heading"
>
  No Rockets Found ❗❕
</div>
`;
